// Jest Snapshot v1, https://goo.gl/fbAQLP

exports[`Should renderer with default values :  1`] = `<div />`;

exports[`should Expense List renderer   successfully here 1`] = `
<div>
  <ExpenseListItem
    amount={195}
    createedAt={0}
    description="Gum"
    id="1"
    key="1"
    note=""
  />
  <ExpenseListItem
    amount={109500}
    createedAt={-345600000}
    description="Rent"
    id="2"
    key="2"
    note=""
  />
  <ExpenseListItem
    amount={4500}
    createedAt={345600000}
    description="Credit Card"
    id="3"
    key="3"
    note=""
  />
</div>
`;
