// Jest Snapshot v1, https://goo.gl/fbAQLP

exports[`Should renderer with default values :  1`] = `
<div>
  if(props.expenses.length==0)?(
  <p>
     Nothing is here to show up
  </p>
  ):(
  )
</div>
`;

exports[`should Expense List renderer   successfully here 1`] = `
<div>
  if(props.expenses.length==0)?(
  <p>
     Nothing is here to show up
  </p>
  ):(
  <Connect(ExpenseListItem)
    amount={195}
    createedAt={0}
    description="Gum"
    id="1"
    key="1"
    note=""
  />
  <Connect(ExpenseListItem)
    amount={109500}
    createedAt={-345600000}
    description="Rent"
    id="2"
    key="2"
    note=""
  />
  <Connect(ExpenseListItem)
    amount={4500}
    createedAt={345600000}
    description="Credit Card"
    id="3"
    key="3"
    note=""
  />
  )
</div>
`;
